// Vitest Snapshot v1

exports[`<InputNumber /> > Should match with the snapshot 1`] = `
<div
  class="_inputGroup_1jjec_1"
>
  <button
    class="_inputGroup__sideIcon_1jjec_4 btn btn-error !rounded-l"
    data-testid="btn-minus"
    type="button"
  >
    -
  </button>
  <input
    class="_inputGroup__textInput_1jjec_9"
    id="test-input-number"
    placeholder="Enter a number..."
    readonly=""
    type="text"
    value="2 days"
  />
  <button
    class="_inputGroup__sideIcon_1jjec_4 btn btn-success !rounded-r"
    data-testid="btn-plus"
    type="button"
  >
    +
  </button>
</div>
`;
