// Vitest Snapshot v1

exports[`<InputDateRange /> > Should match with the snapshot 1`] = `
<div>
  <div
    class="inputGroup"
  >
    <span
      class="inputGroup__sideIcon !bg-secondary !rounded-l cursor-pointer"
    >
      <svg
        class="h-[1.563rem] aspect-square"
        fill="none"
        height="27"
        viewBox="0 0 27 27"
        width="27"
        xmlns="http://www.w3.org/2000/svg"
      >
        <rect
          height="20"
          rx="2"
          stroke="white"
          stroke-width="2"
          width="23"
          x="2"
          y="4"
        />
        <rect
          height="5"
          rx="1"
          stroke="white"
          stroke-width="2"
          width="5"
          x="6"
          y="14"
        />
        <rect
          height="5"
          rx="1"
          stroke="white"
          stroke-width="2"
          width="5"
          x="16"
          y="14"
        />
        <path
          d="M2 9H25"
          stroke="white"
          stroke-width="2"
        />
        <path
          d="M6 2L6 6"
          stroke="white"
          stroke-linecap="round"
          stroke-width="2"
        />
        <path
          d="M21 2L21 6"
          stroke="white"
          stroke-linecap="round"
          stroke-width="2"
        />
      </svg>
    </span>
    <input
      class="inputGroup__textInput cursor-pointer"
      id="test-input-date"
      placeholder="Pick a date range..."
      readonly=""
      type="text"
      value="31 Aug - 07 Sep"
    />
  </div>
</div>
`;
